// Vitest Snapshot v1, https://vitest.dev/guide/snapshot.html

exports[`esbuild 1`] = `
"// tests/fixtures/ts.ts?raw
var ts_default = 'export const msg = "hello ts";\\n';

// tests/fixtures/js.js?raw
var js_default = 'export const msg = "hello js";\\n';

// tests/fixtures/jsx.jsx?raw
var jsx_default = 'export const msg = /* @__PURE__ */ React.createElement("div", null, "hello jsx");\\n';

// tests/fixtures/with.js
var with_default = 'export const msg = "hello with";\\n';

// tests/fixtures/abc.txt
var abc_default = Uint8Array.fromBase64("YWJjCg==");

// <stdin>
console.log(ts_default, js_default, jsx_default, with_default, abc_default);
"
`;

exports[`rolldown 1`] = `
"//#region tests/fixtures/ts.ts?raw
var ts_default = "export const msg = \\"hello ts\\";\\n";

//#endregion
//#region tests/fixtures/js.js?raw
var js_default = "export const msg = \\"hello js\\";\\n";

//#endregion
//#region tests/fixtures/jsx.jsx?raw
var jsx_default = "export const msg = /* @__PURE__ */ React.createElement(\\"div\\", null, \\"hello jsx\\");\\n";

//#endregion
//#region tests/fixtures/main.js
console.log(ts_default, js_default, jsx_default);

//#endregion"
`;

exports[`rollup 1`] = `
"var text = "export const msg = \\"hello ts\\";\\n";

var text2 = "export const msg = \\"hello js\\";\\n";

var text3 = "export const msg = /* @__PURE__ */ React.createElement(\\"div\\", null, \\"hello jsx\\");\\n";

var text4 = "export const msg = \\"hello with\\";\\n";

var bytes1 = new Uint8Array([97, 98, 99, 10]);

console.log(text, text2, text3, text4, bytes1);
"
`;

exports[`vite 1`] = `
"const text = 'export const msg = "hello ts";\\n';
const text2 = 'export const msg = "hello js";\\n';
const text3 = 'export const msg = /* @__PURE__ */ React.createElement("div", null, "hello jsx");\\n';
const text4 = 'export const msg = "hello with";\\n';
const bytes1 = new Uint8Array([97, 98, 99, 10]);
console.log(text, text2, text3, text4, bytes1);
"
`;
